[0m21:26:24.461992 [debug] [MainThread]: Sending event: {'category': 'dbt', 'action': 'invocation', 'label': 'start', 'context': [<snowplow_tracker.self_describing_json.SelfDescribingJson object at 0x0000021BE875C1D0>, <snowplow_tracker.self_describing_json.SelfDescribingJson object at 0x0000021BE859FD90>, <snowplow_tracker.self_describing_json.SelfDescribingJson object at 0x0000021BEB9DEE90>]}


============================== 21:26:24.475955 | 5d2e2df0-2c35-4f0d-bfec-f0e036945859 ==============================
[0m21:26:24.475955 [info ] [MainThread]: Running with dbt=1.7.19
[0m21:26:24.479121 [debug] [MainThread]: running dbt with arguments {'printer_width': '80', 'indirect_selection': 'eager', 'write_json': 'True', 'log_cache_events': 'False', 'partial_parse': 'True', 'cache_selected_only': 'False', 'profiles_dir': 'C:\\Users\\usuario\\.dbt', 'fail_fast': 'False', 'version_check': 'True', 'log_path': 'logs', 'warn_error': 'None', 'debug': 'False', 'use_colors': 'True', 'use_experimental_parser': 'False', 'no_print': 'None', 'quiet': 'False', 'warn_error_options': 'WarnErrorOptions(include=[], exclude=[])', 'static_parser': 'True', 'log_format': 'default', 'introspect': 'True', 'target_path': 'None', 'invocation_command': 'dbt init transformation', 'send_anonymous_usage_stats': 'True'}
[0m21:26:24.484663 [warn ] [MainThread]: [ConfigFolderDirectory]: Unable to parse dict {'dir': WindowsPath('C:/Users/usuario/.dbt')}
[0m21:26:24.486976 [info ] [MainThread]: Creating dbt configuration folder at 
[0m21:26:24.494127 [info ] [MainThread]: A project called transformation already exists here.
[0m21:26:24.498932 [debug] [MainThread]: Command `dbt init` succeeded at 21:26:24.497932 after 0.26 seconds
[0m21:26:24.502084 [debug] [MainThread]: Sending event: {'category': 'dbt', 'action': 'invocation', 'label': 'end', 'context': [<snowplow_tracker.self_describing_json.SelfDescribingJson object at 0x0000021BEA27F790>, <snowplow_tracker.self_describing_json.SelfDescribingJson object at 0x0000021BE4D23150>, <snowplow_tracker.self_describing_json.SelfDescribingJson object at 0x0000021BEBA21F10>]}
[0m21:26:24.506959 [debug] [MainThread]: Flushing usage events
[0m23:15:23.573485 [debug] [MainThread]: Sending event: {'category': 'dbt', 'action': 'invocation', 'label': 'start', 'context': [<snowplow_tracker.self_describing_json.SelfDescribingJson object at 0x000002A175ABF810>, <snowplow_tracker.self_describing_json.SelfDescribingJson object at 0x000002A174EDA2D0>, <snowplow_tracker.self_describing_json.SelfDescribingJson object at 0x000002A175AB66D0>]}


============================== 23:15:23.585290 | 026c4874-e13f-49db-a85e-0171358257b2 ==============================
[0m23:15:23.585290 [info ] [MainThread]: Running with dbt=1.7.19
[0m23:15:23.588374 [debug] [MainThread]: running dbt with arguments {'printer_width': '80', 'indirect_selection': 'eager', 'log_cache_events': 'False', 'write_json': 'True', 'partial_parse': 'True', 'cache_selected_only': 'False', 'warn_error': 'None', 'fail_fast': 'False', 'debug': 'False', 'log_path': 'logs', 'version_check': 'True', 'profiles_dir': 'C:\\Users\\usuario\\.dbt', 'use_colors': 'True', 'use_experimental_parser': 'False', 'no_print': 'None', 'quiet': 'False', 'log_format': 'default', 'introspect': 'True', 'static_parser': 'True', 'warn_error_options': 'WarnErrorOptions(include=[], exclude=[])', 'target_path': 'None', 'invocation_command': 'dbt run', 'send_anonymous_usage_stats': 'True'}
[0m23:15:23.591372 [error] [MainThread]: Encountered an error:
Runtime Error
  No dbt_project.yml found at expected path C:\Users\usuario\Desktop\Data Project\citypulse_analytics\dbt_project.yml
  Verify that each entry within packages.yml (and their transitive dependencies) contains a file named dbt_project.yml
  
[0m23:15:23.597504 [debug] [MainThread]: Command `dbt run` failed at 23:15:23.596342 after 0.24 seconds
[0m23:15:23.599632 [debug] [MainThread]: Sending event: {'category': 'dbt', 'action': 'invocation', 'label': 'end', 'context': [<snowplow_tracker.self_describing_json.SelfDescribingJson object at 0x000002A16ED53210>, <snowplow_tracker.self_describing_json.SelfDescribingJson object at 0x000002A17551A390>, <snowplow_tracker.self_describing_json.SelfDescribingJson object at 0x000002A16EA69750>]}
[0m23:15:23.603953 [debug] [MainThread]: Flushing usage events
[0m23:32:01.570946 [debug] [MainThread]: Sending event: {'category': 'dbt', 'action': 'invocation', 'label': 'start', 'context': [<snowplow_tracker.self_describing_json.SelfDescribingJson object at 0x0000022995DEF1D0>, <snowplow_tracker.self_describing_json.SelfDescribingJson object at 0x0000022993651DD0>, <snowplow_tracker.self_describing_json.SelfDescribingJson object at 0x0000022995DE0890>]}


============================== 23:32:01.590976 | 1c89e04f-8cd5-4753-a50f-bcc77b2d7f4c ==============================
[0m23:32:01.590976 [info ] [MainThread]: Running with dbt=1.7.19
[0m23:32:01.594998 [debug] [MainThread]: running dbt with arguments {'printer_width': '80', 'indirect_selection': 'eager', 'log_cache_events': 'False', 'write_json': 'True', 'partial_parse': 'True', 'cache_selected_only': 'False', 'profiles_dir': 'C:\\Users\\usuario\\.dbt', 'debug': 'False', 'fail_fast': 'False', 'log_path': 'logs', 'version_check': 'True', 'warn_error': 'None', 'use_colors': 'True', 'use_experimental_parser': 'False', 'no_print': 'None', 'quiet': 'False', 'log_format': 'default', 'invocation_command': 'dbt run', 'introspect': 'True', 'static_parser': 'True', 'target_path': 'None', 'warn_error_options': 'WarnErrorOptions(include=[], exclude=[])', 'send_anonymous_usage_stats': 'True'}
[0m23:32:01.597012 [error] [MainThread]: Encountered an error:
Runtime Error
  No dbt_project.yml found at expected path C:\Users\usuario\Desktop\Data Project\citypulse_analytics\dbt_project.yml
  Verify that each entry within packages.yml (and their transitive dependencies) contains a file named dbt_project.yml
  
[0m23:32:01.601326 [debug] [MainThread]: Command `dbt run` failed at 23:32:01.601326 after 0.20 seconds
[0m23:32:01.604851 [debug] [MainThread]: Sending event: {'category': 'dbt', 'action': 'invocation', 'label': 'end', 'context': [<snowplow_tracker.self_describing_json.SelfDescribingJson object at 0x000002298F043210>, <snowplow_tracker.self_describing_json.SelfDescribingJson object at 0x0000022995DB7210>, <snowplow_tracker.self_describing_json.SelfDescribingJson object at 0x0000022995DF5150>]}
[0m23:32:01.608348 [debug] [MainThread]: Flushing usage events
